// Jest Snapshot v1, https://goo.gl/fbAQLP

exports[`Testing for the UsersList Component  should match the snapshot 1`] = `ReactWrapper {}`;
